قَالَ أَبُو زَيْدٍ أَهْلُ تِهَامَةَ يُؤَنِّثُونَ الْعَضُدَ وَبَنُو تَمِيمٍ يُذَكِّرُونَ
وَالْجَمْعُ أَعْضُدٌ وَأَعْضَادٌ مِثْلُ أَفْلُسٍ وَأَقْفَالٍ
بِمَنْزِلَةِ أَهْلِ الذِّمَّةِ إذَا دَخَلُوا قَرْيَةً مِنْ قُرَى أَهْلِ الْحَرْبِ
ثُمَّ ظَفِرَ الْمُسْلِمُونَ بِهَا فَهُمْ فَيْءٌ أَجْمَعُونَ إلَّا مِنْ عُرِفَ أَنَّهُ ذِمِّيٌّ
الْمَسْأَلَةُ الْخَامِسَةُ قَوْلُهُ تَعَالَى الَّذِينَ يُظَاهِرُونَ
حَقِيقَتُهُ تَشْبِيهُ ظَهْرٍ بِظَهْرٍ وَالْمُوجِبُ لِلْحُكْمِ
قالَ عَلِيٌّ إِنَّ الْعِلْمَ نُورٌ وَالْجَهْلَ ظُلْمَةٌ
لكن هل تَعْرِفُ ما معنى ٢٠٢٥
إِلَىٰ السَّمَاءِ ذَهَبَ فَتًىً يَسْعَىٰ
بِقَلْبٍ صَافٍ وَقَالَ أَأَنْتَ مُؤْمِنٌ بِٱلْحَقِّ
وَقِيلَ غُسْلُ الْمَيِّتِ آكَدُ مُطْلَقًا
وَسُئِلَ رَحِمَهُ اللَّهُ عَنْ قَوْلِهِمْ إنَّ أَطْفَالَ الْكُفَّارِ فِي الْجَنَّةِ
وَلَمْ يُعْرَفْ فِي شَيْءٍ مِنْ الْآثَارِ لَفْظٌ وَاحِدٌ
مِمَّنْ بَاشَرَهَا مِنْ الصَّحَابَةِ رضي الله عنهم
ذُكِرَ عَنْ أَبِي بَدْرٍ شُجَاعِ بْنِ الْوَلِيدِ عَنْ أَبِي سِنَانٍ الشَّيْبَانِيِّ
قال فَتَحَ عَلَيْهِمْ أَرْبَعِينَ سَنَةً
قَوْلُهُ وَهُوَ الثَّمَنُ وَرِبْحُهُ
أَيْ وَحِصَّةُ رَبِّهِ مِنْ رِبْحِهِ
تَجْرِي بِأَعْيُنِنَا جَزَاءً لِمَنْ كَانَ كُفِرَ
وَإِنْ قَالَ مَتَى مَرِضْتُ أَوْ عَرَضَ لَيَّ عَارِضٌ خَرَجْتُ
وَفِي صَحِيحِ مُسْلِمٍ عَنْ أَبِي هُرَيْرَةَ
قَالَ قَالَ رَسُولُ اللَّهِ صلى الله عليه وسلم مَنْ تَوَضَّأَ يَوْمَ الْجُمُعَةِ
بِلَا نِزَاعٍ وَإِنْ كَانَتْ مُجْبَرَةً فَعَلَى الْوَلِيِّ
وَتَقْرِيرُ الْأُصُولِ أَنَّ الْأَوَّلَ تَعَلَّقَ قَبْلَ الثَّانِي
امْرَأَةٌ تَزَيَّنَتْ بِالْحَرِيرِ
فَقَالَ لَهَا زَوْجُهَا إنْ لَمْ أُجَامِعْكِ فِي هَذِهِ الثِّيَابِ فَأَنْتِ طَالِقٌ
وَقَالَ غَيْرُهُ يَلْزَمُهُمْ أَنْ يَكُونَ بَيَانُ الْمُحَرَّمِ مُحَرَّمًا
وَهُوَ إلْزَامٌ عَجِيبٌ
